[debug] [2026-09-13T10:04:39.558Z] ----------------------------------------------------------------------
[debug] [2026-09-13T10:04:39.562Z] Command:       C:\Program Files\nodejs\node.exe C:\Users\LENOVO\AppData\Roaming\npm\node_modules\firebase-tools\lib\bin\firebase.js database:update /depots/-Ows0xq22iraW4FfDCh1/tier Advanced
[debug] [2026-09-13T10:04:39.563Z] CLI Version:   15.29.0
[debug] [2026-09-13T10:04:39.563Z] Platform:      win32
[debug] [2026-09-13T10:04:39.563Z] Node Version:  v24.11.1
[debug] [2026-09-13T10:04:39.563Z] Detected Agent: unknown
[debug] [2026-09-13T10:04:39.563Z] Time:          Sun Sep 13 2026 11:04:39 GMT+0100 (heure normale d’Afrique de l’Ouest)
[debug] [2026-09-13T10:04:39.563Z] ----------------------------------------------------------------------
[debug] 
[debug] [2026-09-13T10:04:42.102Z] > command requires scopes: ["email","openid","https://www.googleapis.com/auth/cloudplatformprojects.readonly","https://www.googleapis.com/auth/firebase","https://www.googleapis.com/auth/cloud-platform"]
[debug] [2026-09-13T10:04:42.102Z] > authorizing via signed-in user (geniusmampouya@gmail.com)
[debug] [2026-09-13T10:04:42.103Z] [iam] checking project vision-unique for permissions ["firebase.projects.get","firebasedatabase.instances.update"]
[debug] [2026-09-13T10:04:42.127Z] Checked if tokens are valid: true, expires at: 1789297461524
[debug] [2026-09-13T10:04:42.127Z] Checked if tokens are valid: true, expires at: 1789297461524
[debug] [2026-09-13T10:04:42.128Z] >>> [apiv2][query] POST https://cloudresourcemanager.googleapis.com/v1/projects/vision-unique:testIamPermissions [none]
[debug] [2026-09-13T10:04:42.129Z] >>> [apiv2][(partial)header] POST https://cloudresourcemanager.googleapis.com/v1/projects/vision-unique:testIamPermissions  x-goog-user-project=vision-unique
[debug] [2026-09-13T10:04:42.129Z] >>> [apiv2][body] POST https://cloudresourcemanager.googleapis.com/v1/projects/vision-unique:testIamPermissions {"permissions":["firebase.projects.get","firebasedatabase.instances.update"]}
[debug] [2026-09-13T10:04:43.172Z] <<< [apiv2][status] POST https://cloudresourcemanager.googleapis.com/v1/projects/vision-unique:testIamPermissions 200
[debug] [2026-09-13T10:04:43.172Z] <<< [apiv2][body] POST https://cloudresourcemanager.googleapis.com/v1/projects/vision-unique:testIamPermissions {"permissions":["firebase.projects.get","firebasedatabase.instances.update"]}
[debug] [2026-09-13T10:04:43.173Z] Checked if tokens are valid: true, expires at: 1789297461524
[debug] [2026-09-13T10:04:43.173Z] Checked if tokens are valid: true, expires at: 1789297461524
[debug] [2026-09-13T10:04:43.173Z] >>> [apiv2][query] GET https://firebase.googleapis.com/v1beta1/projects/vision-unique [none]
[debug] [2026-09-13T10:04:43.862Z] <<< [apiv2][status] GET https://firebase.googleapis.com/v1beta1/projects/vision-unique 200
[debug] [2026-09-13T10:04:43.862Z] <<< [apiv2][body] GET https://firebase.googleapis.com/v1beta1/projects/vision-unique {"projectId":"vision-unique","projectNumber":"134892705629","displayName":"vision-unique","name":"projects/vision-unique","resources":{"hostingSite":"vision-unique","realtimeDatabaseInstance":"vision-unique-default-rtdb"},"state":"ACTIVE","labels":{"firebase":"enabled"},"etag":"1_11bdf1ef-4b4c-4a26-bd74-bedb0863e944"}
[debug] [2026-09-13T10:04:43.863Z] Checked if tokens are valid: true, expires at: 1789297461524
[debug] [2026-09-13T10:04:43.863Z] Checked if tokens are valid: true, expires at: 1789297461524
[debug] [2026-09-13T10:04:43.863Z] >>> [apiv2][query] GET https://firebasedatabase.googleapis.com/v1beta/projects/vision-unique/locations/-/instances/vision-unique-default-rtdb [none]
[debug] [2026-09-13T10:04:44.988Z] <<< [apiv2][status] GET https://firebasedatabase.googleapis.com/v1beta/projects/vision-unique/locations/-/instances/vision-unique-default-rtdb 200
[debug] [2026-09-13T10:04:44.988Z] <<< [apiv2][body] GET https://firebasedatabase.googleapis.com/v1beta/projects/vision-unique/locations/-/instances/vision-unique-default-rtdb {"name":"projects/134892705629/locations/europe-west1/instances/vision-unique-default-rtdb","project":"projects/134892705629","databaseUrl":"https://vision-unique-default-rtdb.europe-west1.firebasedatabase.app","type":"DEFAULT_DATABASE","state":"ACTIVE"}
[debug] [2026-09-13T10:05:17.302Z] Checked if tokens are valid: true, expires at: 1789297461524
[debug] [2026-09-13T10:05:17.302Z] Checked if tokens are valid: true, expires at: 1789297461524
[debug] [2026-09-13T10:05:17.302Z] >>> [apiv2][query] PATCH https://vision-unique-default-rtdb.europe-west1.firebasedatabase.app/depots/-Ows0xq22iraW4FfDCh1/tier.json 
[debug] [2026-09-13T10:05:17.303Z] >>> [apiv2][body] PATCH https://vision-unique-default-rtdb.europe-west1.firebasedatabase.app/depots/-Ows0xq22iraW4FfDCh1/tier.json [stream]
[debug] [2026-09-13T10:05:17.309Z] Error: ENOENT: no such file or directory, open 'C:\Users\LENOVO\Documents\vision unique\Advanced'
[error] 
[error] Error: An unexpected error has occurred.
[debug] [2026-09-13T10:05:26.601Z] ----------------------------------------------------------------------
[debug] [2026-09-13T10:05:26.606Z] Command:       C:\Program Files\nodejs\node.exe C:\Users\LENOVO\AppData\Roaming\npm\node_modules\firebase-tools\lib\bin\firebase.js database:set /depots/-Ows0xq22iraW4FfDCh1/tier Advanced
[debug] [2026-09-13T10:05:26.606Z] CLI Version:   15.29.0
[debug] [2026-09-13T10:05:26.607Z] Platform:      win32
[debug] [2026-09-13T10:05:26.607Z] Node Version:  v24.11.1
[debug] [2026-09-13T10:05:26.607Z] Detected Agent: unknown
[debug] [2026-09-13T10:05:26.608Z] Time:          Sun Sep 13 2026 11:05:26 GMT+0100 (heure normale d’Afrique de l’Ouest)
[debug] [2026-09-13T10:05:26.608Z] ----------------------------------------------------------------------
[debug] 
[debug] [2026-09-13T10:05:28.995Z] > command requires scopes: ["email","openid","https://www.googleapis.com/auth/cloudplatformprojects.readonly","https://www.googleapis.com/auth/firebase","https://www.googleapis.com/auth/cloud-platform"]
[debug] [2026-09-13T10:05:28.996Z] > authorizing via signed-in user (geniusmampouya@gmail.com)
[debug] [2026-09-13T10:05:28.996Z] [iam] checking project vision-unique for permissions ["firebase.projects.get","firebasedatabase.instances.update"]
[debug] [2026-09-13T10:05:29.015Z] Checked if tokens are valid: true, expires at: 1789297461524
[debug] [2026-09-13T10:05:29.015Z] Checked if tokens are valid: true, expires at: 1789297461524
[debug] [2026-09-13T10:05:29.016Z] >>> [apiv2][query] POST https://cloudresourcemanager.googleapis.com/v1/projects/vision-unique:testIamPermissions [none]
[debug] [2026-09-13T10:05:29.016Z] >>> [apiv2][(partial)header] POST https://cloudresourcemanager.googleapis.com/v1/projects/vision-unique:testIamPermissions  x-goog-user-project=vision-unique
[debug] [2026-09-13T10:05:29.016Z] >>> [apiv2][body] POST https://cloudresourcemanager.googleapis.com/v1/projects/vision-unique:testIamPermissions {"permissions":["firebase.projects.get","firebasedatabase.instances.update"]}
[debug] [2026-09-13T10:05:30.182Z] <<< [apiv2][status] POST https://cloudresourcemanager.googleapis.com/v1/projects/vision-unique:testIamPermissions 200
[debug] [2026-09-13T10:05:30.182Z] <<< [apiv2][body] POST https://cloudresourcemanager.googleapis.com/v1/projects/vision-unique:testIamPermissions {"permissions":["firebase.projects.get","firebasedatabase.instances.update"]}
[debug] [2026-09-13T10:05:30.182Z] Checked if tokens are valid: true, expires at: 1789297461524
[debug] [2026-09-13T10:05:30.182Z] Checked if tokens are valid: true, expires at: 1789297461524
[debug] [2026-09-13T10:05:30.183Z] >>> [apiv2][query] GET https://firebase.googleapis.com/v1beta1/projects/vision-unique [none]
[debug] [2026-09-13T10:05:30.837Z] <<< [apiv2][status] GET https://firebase.googleapis.com/v1beta1/projects/vision-unique 200
[debug] [2026-09-13T10:05:30.837Z] <<< [apiv2][body] GET https://firebase.googleapis.com/v1beta1/projects/vision-unique {"projectId":"vision-unique","projectNumber":"134892705629","displayName":"vision-unique","name":"projects/vision-unique","resources":{"hostingSite":"vision-unique","realtimeDatabaseInstance":"vision-unique-default-rtdb"},"state":"ACTIVE","labels":{"firebase":"enabled"},"etag":"1_11bdf1ef-4b4c-4a26-bd74-bedb0863e944"}
[debug] [2026-09-13T10:05:30.838Z] Checked if tokens are valid: true, expires at: 1789297461524
[debug] [2026-09-13T10:05:30.838Z] Checked if tokens are valid: true, expires at: 1789297461524
[debug] [2026-09-13T10:05:30.838Z] >>> [apiv2][query] GET https://firebasedatabase.googleapis.com/v1beta/projects/vision-unique/locations/-/instances/vision-unique-default-rtdb [none]
[debug] [2026-09-13T10:05:31.953Z] <<< [apiv2][status] GET https://firebasedatabase.googleapis.com/v1beta/projects/vision-unique/locations/-/instances/vision-unique-default-rtdb 200
[debug] [2026-09-13T10:05:31.953Z] <<< [apiv2][body] GET https://firebasedatabase.googleapis.com/v1beta/projects/vision-unique/locations/-/instances/vision-unique-default-rtdb {"name":"projects/134892705629/locations/europe-west1/instances/vision-unique-default-rtdb","project":"projects/134892705629","databaseUrl":"https://vision-unique-default-rtdb.europe-west1.firebasedatabase.app","type":"DEFAULT_DATABASE","state":"ACTIVE"}
[debug] [2026-09-13T10:05:36.220Z] Checked if tokens are valid: true, expires at: 1789297461524
[debug] [2026-09-13T10:05:36.220Z] Checked if tokens are valid: true, expires at: 1789297461524
[debug] [2026-09-13T10:05:36.221Z] >>> [apiv2][query] PUT https://vision-unique-default-rtdb.europe-west1.firebasedatabase.app/depots/-Ows0xq22iraW4FfDCh1/tier.json 
[debug] [2026-09-13T10:05:36.221Z] >>> [apiv2][body] PUT https://vision-unique-default-rtdb.europe-west1.firebasedatabase.app/depots/-Ows0xq22iraW4FfDCh1/tier.json [stream]
[debug] [2026-09-13T10:05:36.227Z] Error: ENOENT: no such file or directory, open 'C:\Users\LENOVO\Documents\vision unique\Advanced'
[error] 
[error] Error: An unexpected error has occurred.
